// Jest Snapshot v1, https://goo.gl/fbAQLP

exports[`Header Component snapshot 1`] = `
.c0 {
  display: block;
  width: 100%;
  height: 50px;
  margin: 0 auto;
  padding: 0 10px;
  background-color: black;
}

.c0 .wrap {
  position: relative;
  display: block;
  width: 100%;
  height: 100%;
  margin: 0 auto;
  max-width: 980px;
}

.c0 .wrap .logo {
  display: block;
  width: 250px;
  position: absolute;
  left: 10px;
  top: 50%;
  -webkit-transform: translateY(-50%);
  -ms-transform: translateY(-50%);
  transform: translateY(-50%);
}

.c0 .wrap .logo img {
  width: 20%;
  margin: 0;
}

<div
  className="c0"
  data-test="headerComponent"
>
  <div
    className="wrap"
  >
    <div
      className="logo"
    >
      <img
        alt="Logo"
        data-test="logoImg"
        src="http://localhost:3000/assets/2.png"
      />
    </div>
  </div>
</div>
`;
